[hraver.am/invite/167.html]
[backblue.gif]
[fade.gif]
[index.html]
[static.tildacdn.com/tild3863-3734-4331-a461-356130303935/1260.jpg]
[static.tildacdn.com/tild3731-3366-4136-a562-363034323463/Favivon_152x152.png]
[static.tildacdn.com/tild3133-3462-4763-b839-646431363032/Favivon_270x270.png]
[neo.tildacdn.com/js/tilda-fallback-1.0.min.js]
[static.tildacdn.com/css/tilda-grid-3.0.min.css]
[hraver.am/tilda-blocks-page38418666.min81ff.css]
[static.tildacdn.com/css/tilda-animation-2.0.min.css]
[static.tildacdn.com/css/highlight.min.css]
[static.tildacdn.com/css/tilda-cover-1.0.min.css]
[static.tildacdn.com/css/tilda-slds-1.4.min.css]
[static.tildacdn.com/css/tilda-forms-1.0.min.css]
[static.tildacdn.com/css/tilda-popup-1.1.min.css]
[static.tildacdn.com/css/tilda-wishlist-1.0.min.css]
[static.tildacdn.com/css/tilda-cart-1.0.min.css]
[static.tildacdn.com/js/tilda-fonts.min.js]
[static.tildacdn.com/js/tilda-polyfill-1.0.min.js]
[static.tildacdn.com/js/jquery-1.10.2.min.js]
[static.tildacdn.com/js/tilda-scripts-3.0.min.js]
[hraver.am/tilda-blocks-page38418666.min81ff.js]
[static.tildacdn.com/js/tilda-lazyload-1.0.min.js]
[hraver.am/invite/OPR/index.html]
[static.tildacdn.com/js/tilda-animation-2.0.min.js]
[static.tildacdn.com/js/tilda-zero-1.1.min.js]
[static.tildacdn.com/js/highlight.min.js]
[static.tildacdn.com/js/tilda-forms-1.0.min.js]
[static.tildacdn.com/js/tilda-cover-1.0.min.js]
[static.tildacdn.com/js/tilda-slds-1.4.min.js]
[static.tildacdn.com/js/hammer.min.js]
[static.tildacdn.com/js/tilda-map-1.0.min.js]
[static.tildacdn.com/js/tilda-popup-1.0.min.js]
[static.tildacdn.com/js/tilda-wishlist-1.0.min.js]
[static.tildacdn.com/js/tilda-cart-1.0.min.js]
[static.tildacdn.com/js/tilda-animation-sbs-1.0.min.js]
[static.tildacdn.com/js/tilda-zero-scale-1.0.min.js]
[static.tildacdn.com/js/tilda-events-1.0.min.js]
[static.tildacdn.com/tild3366-3331-4833-a439-393935613833/play3.gif]
[static.tildacdn.com/tild3033-6238-4331-b066-616532393561/play2.gif]
[static.tildacdn.com/tild3165-3135-4432-b163-343632376262/-/resize/20x/03.jpg]
[static.tildacdn.com/tild3165-3135-4432-b163-343632376262/03.jpg]
[static.tildacdn.com/tild6463-3066-4930-b738-373961663533/-/resize/20x/02.jpg]
[static.tildacdn.com/tild6463-3066-4930-b738-373961663533/02.jpg]
[static.tildacdn.com/tild3761-3130-4663-a661-376538346166/-/empty/46763268_10156255944.png]
[static.tildacdn.com/tild3761-3130-4663-a661-376538346166/46763268_10156255944.jpg]
[static.tildacdn.com/tild3931-6330-4766-b838-616138313362/-/empty/Restoran.png]
[static.tildacdn.com/tild3931-6330-4766-b838-616138313362/Restoran.jpg]
[mc.yandex.ru/metrika/tag.js]
[hraver.am/invite/167.html]
[static.tildacdn.com/css/tilda-grid-3.0.min.css]
[hraver.am/tilda-blocks-page38418666.min81ff.css]
[static.tildacdn.com/css/tilda-animation-2.0.min.css]
[static.tildacdn.com/css/highlight.min.css]
[static.tildacdn.com/css/tilda-cover-1.0.min.css]
[static.tildacdn.com/css/tilda-slds-1.4.min.css]
[static.tildacdn.com/css/tilda-forms-1.0.min.css]
[static.tildacdn.com/css/tilda-popup-1.1.min.css]
[static.tildacdn.com/css/tilda-wishlist-1.0.min.css]
[static.tildacdn.com/css/tilda-cart-1.0.min.css]
[hraver.am/invite/OPR/index.html]
[www.googletagmanager.com/gtm5445.html]
[static.tildacdn.com/js/tilda-stat-1.0.min.js]
